--- Navier-Stokes cusp solver, Run 3 (dolfinx 0.10.0) ---
    mesh    : /home/ubuntu/navier-stokes-cusp-study/runs/run_03/results_R3/convergence_aws/meshes/apple_coarse.msh
    out_dir : /home/ubuntu/navier-stokes-cusp-study/runs/run_03/results_R3/convergence_aws/coarse
    ranks   : 8   scheme: ipcs
Info    : Reading '/home/ubuntu/navier-stokes-cusp-study/runs/run_03/results_R3/convergence_aws/meshes/apple_coarse.msh'...
Info    : 1533 entities
Info    : 24301 nodes
Info    : 48600 elements
Info    : Done reading '/home/ubuntu/navier-stokes-cusp-study/runs/run_03/results_R3/convergence_aws/meshes/apple_coarse.msh'
    cells   : 47134   velocity DOFs: 287205   pressure DOFs: 24301
    h_min=1.0969e-03  h_max=4.1609e-02  dx_min(CFL)=5.4846e-04
    boundary: 701 axis facets, 765 wall facets
    assembling operators...
    preconditioners: momentum=bjacobi, pressure=hypre, projection=sor
    min sampled radius = 1.129e-05 (must be > 0; finding B1)
    building initial condition...
    initial boundary-condition residual: 0.000e+00
    divergence-free projection of IC: weak residual 2.986e-03 -> 6.393e-04, ||div u||/||grad u|| 6.051e-03 -> 3.908e-03
--- integrating to T = 0.55 (adaptive_dt=True) ---
step       1 | t=0.000244 | dt=2.436e-04 | CFL=0.500 | max|u|=   25.197 | its(8,11,16) | 0.216s/step
step    1000 | t=0.202446 | dt=1.912e-04 | CFL=0.500 | max|u|=   19.880 | its(7,10,16) | 0.199s/step
!! stopping: kinetic energy rose 1.21% above its running minimum (146.307 against 144.562 at t = 0.263101) by t = 0.268045. Energy cannot increase in this configuration, so the solution has stopped being physical -- almost always because the grid can no longer resolve the flow. Refine, or treat t = 0.263101 as the reliable horizon.
--- energy_growth at t = 0.268045 after 1424 steps (308.4 s) ---
--------------------------------------------------------------------------
prterun detected that one or more processes exited with non-zero status,
thus causing the job to be terminated. The first process to do so was:

   Process name: [prterun-ip-172-31-20-106-4804@1,2]
   Exit code:    1
--------------------------------------------------------------------------
